// Jest Snapshot v1, https://goo.gl/fbAQLP

exports[`<HomePage /> should render and match the snapshot 1`] = `
<React.Fragment>
  <Helmet
    defer={true}
    encodeSpecialCharacters={true}
    prioritizeSeoTags={false}
  >
    <title>
      Home Page
    </title>
    <meta
      content="A React Boilerplate application homepage"
      name="description"
    />
  </Helmet>
  <NavBar />
  <styled.div>
    <Masthead />
    <Features />
  </styled.div>
</React.Fragment>
`;
