// Jest Snapshot v1, https://goo.gl/fbAQLP

exports[`<NavBar /> should match snapshot 1`] = `
<styled.header>
  <styled.div>
    <Logo />
    <Nav />
  </styled.div>
</styled.header>
`;
