// Jest Snapshot v1, https://goo.gl/fbAQLP

exports[`<App /> should render and match the snapshot 1`] = `
<BrowserRouter>
  <Helmet
    defaultTitle="React Boilerplate"
    defer={true}
    encodeSpecialCharacters={true}
    htmlAttributes={
      Object {
        "lang": "en-US",
      }
    }
    prioritizeSeoTags={false}
    titleTemplate="%s - React Boilerplate"
  >
    <meta
      content="A React Boilerplate application"
      name="description"
    />
  </Helmet>
  <Switch>
    <Route
      component={[Function]}
      exact={true}
      path="/"
    />
    <Route
      component={[Function]}
    />
  </Switch>
  <Memo(l) />
</BrowserRouter>
`;
